  Γû▓ Next.js 14.2.35

   Creating an optimized production build ...
node.exe : <w> [webpack.cache.PackFileCacheStrategy] Caching failed for pack: Error: ENOENT: no such file or 
directory, rename 'C:\Users\Kimo 
Store\Downloads\elevator-ai-adk\frontend\.next\cache\webpack\edge-server-production\0.pack_' -> 'C:\Users\Kimo 
Store\Downloads\elevator-ai-adk\frontend\.next\cache\webpack\edge-server-production\0.pack'
At line:1 char:1
+ & "C:\Program Files\nodejs/node.exe" "C:\Users\Kimo Store\AppData\Roa ...
+ ~~~~~~~~~~~~~~~~~~~~~~~~~~~~~~~~~~~~~~~~~~~~~~~~~~~~~~~~~~~~~~~~~~~~~
    + CategoryInfo          : NotSpecified: (<w> [webpack.ca...duction\0.pack':String) [], RemoteException
    + FullyQualifiedErrorId : NativeCommandError
 
